[12:26:55.284] [INFO] storybook v10.5.3
[12:26:55.821] [DEBUG] Getting package.json info for /Users/dyuel/uxkm/guide/apps/storybook/package.json...
[12:26:55.830] [ERROR] [38;2;241;97;97mSB_CORE-SERVER_0002 (CriticalPresetLoadError): Storybook failed to load the following preset: @storybook/vue3-vite/preset.

Please check whether your setup is correct, the Storybook dependencies (and their peer dependencies) are installed correctly and there are no package version clashes.

If you believe this is a bug, please open an issue on Github.

Error [ERR_MODULE_NOT_FOUND]: Cannot find package '@storybook/vue3-vite' imported from /Users/dyuel/uxkm/guide/node_modules/.pnpm/storybook@10.5.3_@types+react@19.2.17_react@19.2.8/node_modules/storybook/dist/_node-chunks/chunk-NHZJKTV3.js
    at Object.getPackageJSONURL (node:internal/modules/package_json_reader:316:9)
    at packageResolve (node:internal/modules/esm/resolve:768:81)
    at moduleResolve (node:internal/modules/esm/resolve:858:18)
    at defaultResolve (node:internal/modules/esm/resolve:990:11)
    at nextResolve (node:internal/modules/esm/hooks:785:28)
    at AsyncLoaderHooksOnLoaderHookWorker.resolve (node:internal/modules/esm/hooks:271:30)
    at MessagePort.handleMessage (node:internal/modules/esm/worker:251:24)
    at [nodejs.internal.kHybridDispatch] (node:internal/event_target:845:20)
    at MessagePort.<anonymous> (node:internal/per_context/messageport:23:28)

More info: 
[39m
    at loadPreset (file:///Users/dyuel/uxkm/guide/node_modules/.pnpm/storybook@10.5.3_@types+react@19.2.17_react@19.2.8/node_modules/storybook/dist/_node-chunks/chunk-WGUHTRPF.js:13569:13)
    at async Promise.all (index 0)
    at async loadPresets (file:///Users/dyuel/uxkm/guide/node_modules/.pnpm/storybook@10.5.3_@types+react@19.2.17_react@19.2.8/node_modules/storybook/dist/_node-chunks/chunk-WGUHTRPF.js:13578:73)
    at async getPresets (file:///Users/dyuel/uxkm/guide/node_modules/.pnpm/storybook@10.5.3_@types+react@19.2.17_react@19.2.8/node_modules/storybook/dist/_node-chunks/chunk-WGUHTRPF.js:13609:23)
    at async buildDevStandalone (file:///Users/dyuel/uxkm/guide/node_modules/.pnpm/storybook@10.5.3_@types+react@19.2.17_react@19.2.8/node_modules/storybook/dist/core-server/index.js:11924:52)
    at async withTelemetry (file:///Users/dyuel/uxkm/guide/node_modules/.pnpm/storybook@10.5.3_@types+react@19.2.17_react@19.2.8/node_modules/storybook/dist/_node-chunks/chunk-YJQMIE5B.js:1785:12)
    at async dev (file:///Users/dyuel/uxkm/guide/node_modules/.pnpm/storybook@10.5.3_@types+react@19.2.17_react@19.2.8/node_modules/storybook/dist/bin/core.js:3850:3)
    at async _Command.<anonymous> (file:///Users/dyuel/uxkm/guide/node_modules/.pnpm/storybook@10.5.3_@types+react@19.2.17_react@19.2.8/node_modules/storybook/dist/bin/core.js:3958:3)
[12:26:55.832] [WARN] Broken build, fix the error above.
You may need to refresh the browser.